// Jest Snapshot v1, https://goo.gl/fbAQLP

exports[`AssetService utilities indexAssetData should index data correctly 1`] = `
Object {
  "byAssetId": Map {
    "eip155:1/slip44:60" => Object {
      "assetId": "eip155:1/slip44:60",
      "color": "#FFFFFF",
      "dataSource": "coingecko",
      "explorer": "https://etherscan.io",
      "explorerAddressLink": "https://etherscan.io/address/",
      "explorerTxLink": "https://etherscan.io/tx/",
      "icon": "https://assets.coincap.io/assets/icons/eth@2x.png",
      "name": "Ethereum",
      "precision": 18,
      "receiveSupport": true,
      "secondaryColor": "#FFFFFF",
      "sendSupport": true,
      "slip44": 60,
      "symbol": "ETH",
    },
    "eip155:1/erc20:0x7fc66500c84a76ad7e9c93437bfc5ac33e2ddae9" => Object {
      "assetId": "eip155:1/erc20:0x7fc66500c84a76ad7e9c93437bfc5ac33e2ddae9",
      "color": "#FFFFFF",
      "dataSource": "coingecko",
      "explorer": "https://etherscan.io",
      "explorerAddressLink": "https://etherscan.io/address/",
      "explorerTxLink": "https://etherscan.io/tx/",
      "icon": "https://assets.coingecko.com/coins/images/12645/thumb/AAVE.png?1601374110",
      "name": "Aave",
      "precision": 18,
      "receiveSupport": true,
      "secondaryColor": "#FFFFFF",
      "sendSupport": true,
      "slip44": 60,
      "symbol": "AAVE",
    },
    "eip155:1/erc20:0xc770eefad204b5180df6a14ee197d99d808ee52d" => Object {
      "assetId": "eip155:1/erc20:0xc770eefad204b5180df6a14ee197d99d808ee52d",
      "color": "#FFFFFF",
      "dataSource": "coingecko",
      "explorer": "https://etherscan.io",
      "explorerAddressLink": "https://etherscan.io/address/",
      "explorerTxLink": "https://etherscan.io/tx/",
      "icon": "https://assets.coincap.io/assets/icons/fox@2x.png",
      "name": "Fox",
      "precision": 18,
      "receiveSupport": true,
      "secondaryColor": "#FFFFFF",
      "sendSupport": true,
      "slip44": 60,
      "symbol": "FOX",
    },
    "eip155:3/slip44:60" => Object {
      "assetId": "eip155:3/slip44:60",
      "color": "#FFFFFF",
      "dataSource": "coingecko",
      "explorer": "https://etherscan.io",
      "explorerAddressLink": "https://etherscan.io/address/",
      "explorerTxLink": "https://etherscan.io/tx/",
      "icon": "https://assets.coincap.io/assets/icons/eth@2x.png",
      "name": "Ethereum",
      "precision": 18,
      "receiveSupport": true,
      "secondaryColor": "#FFFFFF",
      "sendSupport": true,
      "slip44": 60,
      "symbol": "ETH",
    },
    "eip155:3/erc20:0xc770eefad204b5180df6a14ee197d99d808ee52d" => Object {
      "assetId": "eip155:3/erc20:0xc770eefad204b5180df6a14ee197d99d808ee52d",
      "color": "#FFFFFF",
      "dataSource": "coingecko",
      "explorer": "https://etherscan.io",
      "explorerAddressLink": "https://etherscan.io/address/",
      "explorerTxLink": "https://etherscan.io/tx/",
      "icon": "https://assets.coincap.io/assets/icons/fox@2x.png",
      "name": "Fox",
      "precision": 18,
      "receiveSupport": true,
      "secondaryColor": "#FFFFFF",
      "sendSupport": true,
      "slip44": 60,
      "symbol": "FOX",
    },
    "bip122:000000000019d6689c085ae165831e93/slip44:0" => Object {
      "assetId": "bip122:000000000019d6689c085ae165831e93/slip44:0",
      "color": "#FFFFFF",
      "dataSource": "coingecko",
      "explorer": "https://live.blockcypher.com",
      "explorerAddressLink": "https://live.blockcypher.com/btc/address/",
      "explorerTxLink": "https://live.blockcypher.com/btc/tx/",
      "icon": "https://assets.coincap.io/assets/icons/btc@2x.png",
      "name": "Bitcoin",
      "precision": 8,
      "receiveSupport": false,
      "secondaryColor": "#FFFFFF",
      "sendSupport": false,
      "slip44": 0,
      "symbol": "BTC",
    },
    "bip122:000000000933ea01ad0ee984209779ba/slip44:0" => Object {
      "assetId": "bip122:000000000933ea01ad0ee984209779ba/slip44:0",
      "color": "#FFFFFF",
      "dataSource": "coingecko",
      "explorer": "https://live.blockcypher.com/btc-testnet/",
      "explorerAddressLink": "https://live.blockcypher.com/btc-testnet/address/",
      "explorerTxLink": "https://live.blockcypher.com/btc-testnet/tx/",
      "icon": "https://assets.coincap.io/assets/icons/btc@2x.png",
      "name": "Bitcoin",
      "precision": 8,
      "receiveSupport": false,
      "secondaryColor": "#FFFFFF",
      "sendSupport": false,
      "slip44": 1,
      "symbol": "BTC",
    },
  },
  "byChainId": Map {
    "eip155:1" => Set {
      Object {
        "assetId": "eip155:1/slip44:60",
        "color": "#FFFFFF",
        "dataSource": "coingecko",
        "explorer": "https://etherscan.io",
        "explorerAddressLink": "https://etherscan.io/address/",
        "explorerTxLink": "https://etherscan.io/tx/",
        "icon": "https://assets.coincap.io/assets/icons/eth@2x.png",
        "name": "Ethereum",
        "precision": 18,
        "receiveSupport": true,
        "secondaryColor": "#FFFFFF",
        "sendSupport": true,
        "slip44": 60,
        "symbol": "ETH",
      },
      Object {
        "assetId": "eip155:1/erc20:0x7fc66500c84a76ad7e9c93437bfc5ac33e2ddae9",
        "color": "#FFFFFF",
        "dataSource": "coingecko",
        "explorer": "https://etherscan.io",
        "explorerAddressLink": "https://etherscan.io/address/",
        "explorerTxLink": "https://etherscan.io/tx/",
        "icon": "https://assets.coingecko.com/coins/images/12645/thumb/AAVE.png?1601374110",
        "name": "Aave",
        "precision": 18,
        "receiveSupport": true,
        "secondaryColor": "#FFFFFF",
        "sendSupport": true,
        "slip44": 60,
        "symbol": "AAVE",
      },
      Object {
        "assetId": "eip155:1/erc20:0xc770eefad204b5180df6a14ee197d99d808ee52d",
        "color": "#FFFFFF",
        "dataSource": "coingecko",
        "explorer": "https://etherscan.io",
        "explorerAddressLink": "https://etherscan.io/address/",
        "explorerTxLink": "https://etherscan.io/tx/",
        "icon": "https://assets.coincap.io/assets/icons/fox@2x.png",
        "name": "Fox",
        "precision": 18,
        "receiveSupport": true,
        "secondaryColor": "#FFFFFF",
        "sendSupport": true,
        "slip44": 60,
        "symbol": "FOX",
      },
    },
    "eip155:3" => Set {
      Object {
        "assetId": "eip155:3/slip44:60",
        "color": "#FFFFFF",
        "dataSource": "coingecko",
        "explorer": "https://etherscan.io",
        "explorerAddressLink": "https://etherscan.io/address/",
        "explorerTxLink": "https://etherscan.io/tx/",
        "icon": "https://assets.coincap.io/assets/icons/eth@2x.png",
        "name": "Ethereum",
        "precision": 18,
        "receiveSupport": true,
        "secondaryColor": "#FFFFFF",
        "sendSupport": true,
        "slip44": 60,
        "symbol": "ETH",
      },
      Object {
        "assetId": "eip155:3/erc20:0xc770eefad204b5180df6a14ee197d99d808ee52d",
        "color": "#FFFFFF",
        "dataSource": "coingecko",
        "explorer": "https://etherscan.io",
        "explorerAddressLink": "https://etherscan.io/address/",
        "explorerTxLink": "https://etherscan.io/tx/",
        "icon": "https://assets.coincap.io/assets/icons/fox@2x.png",
        "name": "Fox",
        "precision": 18,
        "receiveSupport": true,
        "secondaryColor": "#FFFFFF",
        "sendSupport": true,
        "slip44": 60,
        "symbol": "FOX",
      },
    },
    "bip122:000000000019d6689c085ae165831e93" => Set {
      Object {
        "assetId": "bip122:000000000019d6689c085ae165831e93/slip44:0",
        "color": "#FFFFFF",
        "dataSource": "coingecko",
        "explorer": "https://live.blockcypher.com",
        "explorerAddressLink": "https://live.blockcypher.com/btc/address/",
        "explorerTxLink": "https://live.blockcypher.com/btc/tx/",
        "icon": "https://assets.coincap.io/assets/icons/btc@2x.png",
        "name": "Bitcoin",
        "precision": 8,
        "receiveSupport": false,
        "secondaryColor": "#FFFFFF",
        "sendSupport": false,
        "slip44": 0,
        "symbol": "BTC",
      },
    },
    "bip122:000000000933ea01ad0ee984209779ba" => Set {
      Object {
        "assetId": "bip122:000000000933ea01ad0ee984209779ba/slip44:0",
        "color": "#FFFFFF",
        "dataSource": "coingecko",
        "explorer": "https://live.blockcypher.com/btc-testnet/",
        "explorerAddressLink": "https://live.blockcypher.com/btc-testnet/address/",
        "explorerTxLink": "https://live.blockcypher.com/btc-testnet/tx/",
        "icon": "https://assets.coincap.io/assets/icons/btc@2x.png",
        "name": "Bitcoin",
        "precision": 8,
        "receiveSupport": false,
        "secondaryColor": "#FFFFFF",
        "sendSupport": false,
        "slip44": 1,
        "symbol": "BTC",
      },
    },
  },
}
`;
